cargo :     Checking 
hotel-api v0.1.0 (C:\Users\Al
fred\Desktop\trabajo\hotel-ap
i)
At line:1 char:1
+ cargo check 2> errors.txt
+ ~~~~~~~~~~~~~~~~~~~~~~~~~
    + CategoryInfo           
   : NotSpecified: (    Che  
  cking ho...bajo\hotel-ap   
 i):String) [], RemoteExc    
eption
    + FullyQualifiedErrorId  
   : NativeCommandError
 
warning: unused import: 
`chrono::NaiveDate`
 --> 
src\handlers\bookings.rs:4:5
  |
4 | use chrono::NaiveDate;
  |     ^^^^^^^^^^^^^^^^^
  |
  = note: 
`#[warn(unused_imports)]` 
(part of `#[warn(unused)]`) 
on by default

error[E0277]: the trait 
bound `u64: sqlx::Decode<'_, 
_>` is not satisfied
   --> src\handlers\bookings.
rs:36:43
    |
 36 |     let hotel = match 
sqlx::query_as::<_, 
Hotel>("SELECT * FROM hotels 
WHERE id = ?")
    |                        
                   ^^^^^ the 
trait `sqlx::Decode<'_, _>` 
is not implemented for `u64`
    |
    = help: the following 
other types implement trait 
`sqlx::Decode<'r, DB>`:
              `f32` 
implements `sqlx::Decode<'_, 
Sqlite>`
              `f32` 
implements `sqlx::Decode<'_, 
sqlx::Any>`
              `f64` 
implements `sqlx::Decode<'_, 
Sqlite>`
              `f64` 
implements `sqlx::Decode<'_, 
sqlx::Any>`
              `i16` 
implements `sqlx::Decode<'_, 
Sqlite>`
              `i16` 
implements `sqlx::Decode<'_, 
sqlx::Any>`
              `i32` 
implements `sqlx::Decode<'_, 
Sqlite>`
              `i32` 
implements `sqlx::Decode<'_, 
sqlx::Any>`
            and 6 others
note: required for `Hotel` 
to implement `for<'r> 
FromRow<'r, _>`
   --> 
src\models\hotel.rs:3:48
    |
  3 | #[derive(Debug, 
Serialize, Deserialize, 
Clone, sqlx::FromRow)]
    |                        
                        
^^^^^^^^^^^^^ unsatisfied 
trait bound introduced in 
this `derive` macro
  4 | pub struct Hotel {
    |            ^^^^^
note: required by a bound in 
`sqlx::query_as`
   --> C:\Users\Alfred\.cargo
\registry\src\index.crates.io
-1949cf8c6b5b557f\sqlx-core-0
.7.4\src\query_as.rs:345:8
    |
342 | pub fn query_as<'q, 
DB, O>(sql: &'q str) -> 
QueryAs<'q, DB, O, <DB as 
HasArguments<'q>>::Arguments>
    |        -------- 
required by a bound in this 
function
...
345 |     O: for<'r> 
FromRow<'r, DB::Row>,
    |        
^^^^^^^^^^^^^^^^^^^^^^^^^^^^ 
required by this bound in 
`query_as`
    = note: this error 
originates in the derive 
macro `sqlx::FromRow` (in 
Nightly builds, run with -Z 
macro-backtrace for more 
info)

error[E0277]: the trait 
bound `u64: Type<_>` is not 
satisfied
   --> src\handlers\bookings.
rs:36:43
    |
 36 |     let hotel = match 
sqlx::query_as::<_, 
Hotel>("SELECT * FROM hotels 
WHERE id = ?")
    |                        
                   ^^^^^ the 
trait `Type<_>` is not 
implemented for `u64`
    |
    = help: the following 
other types implement trait 
`Type<DB>`:
              `f32` 
implements `Type<Sqlite>`
              `f32` 
implements `Type<sqlx::Any>`
              `f64` 
implements `Type<Sqlite>`
              `f64` 
implements `Type<sqlx::Any>`
              `i16` 
implements `Type<Sqlite>`
              `i16` 
implements `Type<sqlx::Any>`
              `i32` 
implements `Type<Sqlite>`
              `i32` 
implements `Type<sqlx::Any>`
            and 6 others
note: required for `Hotel` 
to implement `for<'r> 
FromRow<'r, _>`
   --> 
src\models\hotel.rs:3:48
    |
  3 | #[derive(Debug, 
Serialize, Deserialize, 
Clone, sqlx::FromRow)]
    |                        
                        
^^^^^^^^^^^^^ unsatisfied 
trait bound introduced in 
this `derive` macro
  4 | pub struct Hotel {
    |            ^^^^^
note: required by a bound in 
`sqlx::query_as`
   --> C:\Users\Alfred\.cargo
\registry\src\index.crates.io
-1949cf8c6b5b557f\sqlx-core-0
.7.4\src\query_as.rs:345:8
    |
342 | pub fn query_as<'q, 
DB, O>(sql: &'q str) -> 
QueryAs<'q, DB, O, <DB as 
HasArguments<'q>>::Arguments>
    |        -------- 
required by a bound in this 
function
...
345 |     O: for<'r> 
FromRow<'r, DB::Row>,
    |        
^^^^^^^^^^^^^^^^^^^^^^^^^^^^ 
required by this bound in 
`query_as`
    = note: this error 
originates in the derive 
macro `sqlx::FromRow` (in 
Nightly builds, run with -Z 
macro-backtrace for more 
info)

error[E0599]: the method 
`fetch_optional` exists for 
struct `QueryAs<'_, _, 
Hotel, _>`, but its trait 
bounds were not satisfied
  --> src\handlers\bookings.r
s:38:10
   |
36 |       let hotel = match 
sqlx::query_as::<_, 
Hotel>("SELECT * FROM hotels 
WHERE id = ?")
   |  
_______________________-
37 | |         
.bind(body.hotel_id)
38 | |         
.fetch_optional(&mut *tx)
   | |         
-^^^^^^^^^^^^^^ method 
cannot be called on 
`QueryAs<'_, _, Hotel, _>` 
due to unsatisfied trait 
bounds
   | |_________|
   |
   |
  ::: src\models\hotel.rs:4:1
   |
 4 |   pub struct Hotel {
   |   ---------------- 
doesn't satisfy `Hotel: 
FromRow<'r, _>`
   |
   = note: the following 
trait bounds were not 
satisfied:
           `u64: Type<_>`
           `u64: 
sqlx::Decode<'_, _>`

error[E0277]: the trait 
bound `u64: sqlx::Decode<'_, 
_>` is not satisfied
   --> 
src\handlers\hotels.rs:31:38
    |
 31 |     let hotels = 
sqlx::query_as::<_, 
Hotel>(&query)
    |                        
              ^^^^^ the 
trait `sqlx::Decode<'_, _>` 
is not implemented for `u64`
    |
    = help: the following 
other types implement trait 
`sqlx::Decode<'r, DB>`:
              `f32` 
implements `sqlx::Decode<'_, 
Sqlite>`
              `f32` 
implements `sqlx::Decode<'_, 
sqlx::Any>`
              `f64` 
implements `sqlx::Decode<'_, 
Sqlite>`
              `f64` 
implements `sqlx::Decode<'_, 
sqlx::Any>`
              `i16` 
implements `sqlx::Decode<'_, 
Sqlite>`
              `i16` 
implements `sqlx::Decode<'_, 
sqlx::Any>`
              `i32` 
implements `sqlx::Decode<'_, 
Sqlite>`
              `i32` 
implements `sqlx::Decode<'_, 
sqlx::Any>`
            and 6 others
note: required for `Hotel` 
to implement `for<'r> 
FromRow<'r, _>`
   --> 
src\models\hotel.rs:3:48
    |
  3 | #[derive(Debug, 
Serialize, Deserialize, 
Clone, sqlx::FromRow)]
    |                        
                        
^^^^^^^^^^^^^ unsatisfied 
trait bound introduced in 
this `derive` macro
  4 | pub struct Hotel {
    |            ^^^^^
note: required by a bound in 
`sqlx::query_as`
   --> C:\Users\Alfred\.cargo
\registry\src\index.crates.io
-1949cf8c6b5b557f\sqlx-core-0
.7.4\src\query_as.rs:345:8
    |
342 | pub fn query_as<'q, 
DB, O>(sql: &'q str) -> 
QueryAs<'q, DB, O, <DB as 
HasArguments<'q>>::Arguments>
    |        -------- 
required by a bound in this 
function
...
345 |     O: for<'r> 
FromRow<'r, DB::Row>,
    |        
^^^^^^^^^^^^^^^^^^^^^^^^^^^^ 
required by this bound in 
`query_as`
    = note: this error 
originates in the derive 
macro `sqlx::FromRow` (in 
Nightly builds, run with -Z 
macro-backtrace for more 
info)

error[E0277]: the trait 
bound `u64: Type<_>` is not 
satisfied
   --> 
src\handlers\hotels.rs:31:38
    |
 31 |     let hotels = 
sqlx::query_as::<_, 
Hotel>(&query)
    |                        
              ^^^^^ the 
trait `Type<_>` is not 
implemented for `u64`
    |
    = help: the following 
other types implement trait 
`Type<DB>`:
              `f32` 
implements `Type<Sqlite>`
              `f32` 
implements `Type<sqlx::Any>`
              `f64` 
implements `Type<Sqlite>`
              `f64` 
implements `Type<sqlx::Any>`
              `i16` 
implements `Type<Sqlite>`
              `i16` 
implements `Type<sqlx::Any>`
              `i32` 
implements `Type<Sqlite>`
              `i32` 
implements `Type<sqlx::Any>`
            and 6 others
note: required for `Hotel` 
to implement `for<'r> 
FromRow<'r, _>`
   --> 
src\models\hotel.rs:3:48
    |
  3 | #[derive(Debug, 
Serialize, Deserialize, 
Clone, sqlx::FromRow)]
    |                        
                        
^^^^^^^^^^^^^ unsatisfied 
trait bound introduced in 
this `derive` macro
  4 | pub struct Hotel {
    |            ^^^^^
note: required by a bound in 
`sqlx::query_as`
   --> C:\Users\Alfred\.cargo
\registry\src\index.crates.io
-1949cf8c6b5b557f\sqlx-core-0
.7.4\src\query_as.rs:345:8
    |
342 | pub fn query_as<'q, 
DB, O>(sql: &'q str) -> 
QueryAs<'q, DB, O, <DB as 
HasArguments<'q>>::Arguments>
    |        -------- 
required by a bound in this 
function
...
345 |     O: for<'r> 
FromRow<'r, DB::Row>,
    |        
^^^^^^^^^^^^^^^^^^^^^^^^^^^^ 
required by this bound in 
`query_as`
    = note: this error 
originates in the derive 
macro `sqlx::FromRow` (in 
Nightly builds, run with -Z 
macro-backtrace for more 
info)

error[E0599]: the method 
`fetch_all` exists for 
struct `QueryAs<'_, _, 
Hotel, _>`, but its trait 
bounds were not satisfied
  --> 
src\handlers\hotels.rs:32:10
   |
31 |       let hotels = 
sqlx::query_as::<_, 
Hotel>(&query)
   |  __________________-
32 | |         
.fetch_all(pool.get_ref())
   | |         -^^^^^^^^^ 
method cannot be called on 
`QueryAs<'_, _, Hotel, _>` 
due to unsatisfied trait 
bounds
   | |_________|
   |
   |
  ::: src\models\hotel.rs:4:1
   |
 4 |   pub struct Hotel {
   |   ---------------- 
doesn't satisfy `Hotel: 
FromRow<'r, _>`
   |
   = note: the following 
trait bounds were not 
satisfied:
           `u64: Type<_>`
           `u64: 
sqlx::Decode<'_, _>`

error[E0277]: the trait 
bound `u64: sqlx::Decode<'_, 
_>` is not satisfied
   --> 
src\handlers\hotels.rs:44:37
    |
 44 |     let hotel = 
sqlx::query_as::<_, 
Hotel>("SELECT * FROM hotels 
WHERE id = ?")
    |                        
             ^^^^^ the trait 
`sqlx::Decode<'_, _>` is not 
implemented for `u64`
    |
    = help: the following 
other types implement trait 
`sqlx::Decode<'r, DB>`:
              `f32` 
implements `sqlx::Decode<'_, 
Sqlite>`
              `f32` 
implements `sqlx::Decode<'_, 
sqlx::Any>`
              `f64` 
implements `sqlx::Decode<'_, 
Sqlite>`
              `f64` 
implements `sqlx::Decode<'_, 
sqlx::Any>`
              `i16` 
implements `sqlx::Decode<'_, 
Sqlite>`
              `i16` 
implements `sqlx::Decode<'_, 
sqlx::Any>`
              `i32` 
implements `sqlx::Decode<'_, 
Sqlite>`
              `i32` 
implements `sqlx::Decode<'_, 
sqlx::Any>`
            and 6 others
note: required for `Hotel` 
to implement `for<'r> 
FromRow<'r, _>`
   --> 
src\models\hotel.rs:3:48
    |
  3 | #[derive(Debug, 
Serialize, Deserialize, 
Clone, sqlx::FromRow)]
    |                        
                        
^^^^^^^^^^^^^ unsatisfied 
trait bound introduced in 
this `derive` macro
  4 | pub struct Hotel {
    |            ^^^^^
note: required by a bound in 
`sqlx::query_as`
   --> C:\Users\Alfred\.cargo
\registry\src\index.crates.io
-1949cf8c6b5b557f\sqlx-core-0
.7.4\src\query_as.rs:345:8
    |
342 | pub fn query_as<'q, 
DB, O>(sql: &'q str) -> 
QueryAs<'q, DB, O, <DB as 
HasArguments<'q>>::Arguments>
    |        -------- 
required by a bound in this 
function
...
345 |     O: for<'r> 
FromRow<'r, DB::Row>,
    |        
^^^^^^^^^^^^^^^^^^^^^^^^^^^^ 
required by this bound in 
`query_as`
    = note: this error 
originates in the derive 
macro `sqlx::FromRow` (in 
Nightly builds, run with -Z 
macro-backtrace for more 
info)

error[E0277]: the trait 
bound `u64: Type<_>` is not 
satisfied
   --> 
src\handlers\hotels.rs:44:37
    |
 44 |     let hotel = 
sqlx::query_as::<_, 
Hotel>("SELECT * FROM hotels 
WHERE id = ?")
    |                        
             ^^^^^ the trait 
`Type<_>` is not implemented 
for `u64`
    |
    = help: the following 
other types implement trait 
`Type<DB>`:
              `f32` 
implements `Type<Sqlite>`
              `f32` 
implements `Type<sqlx::Any>`
              `f64` 
implements `Type<Sqlite>`
              `f64` 
implements `Type<sqlx::Any>`
              `i16` 
implements `Type<Sqlite>`
              `i16` 
implements `Type<sqlx::Any>`
              `i32` 
implements `Type<Sqlite>`
              `i32` 
implements `Type<sqlx::Any>`
            and 6 others
note: required for `Hotel` 
to implement `for<'r> 
FromRow<'r, _>`
   --> 
src\models\hotel.rs:3:48
    |
  3 | #[derive(Debug, 
Serialize, Deserialize, 
Clone, sqlx::FromRow)]
    |                        
                        
^^^^^^^^^^^^^ unsatisfied 
trait bound introduced in 
this `derive` macro
  4 | pub struct Hotel {
    |            ^^^^^
note: required by a bound in 
`sqlx::query_as`
   --> C:\Users\Alfred\.cargo
\registry\src\index.crates.io
-1949cf8c6b5b557f\sqlx-core-0
.7.4\src\query_as.rs:345:8
    |
342 | pub fn query_as<'q, 
DB, O>(sql: &'q str) -> 
QueryAs<'q, DB, O, <DB as 
HasArguments<'q>>::Arguments>
    |        -------- 
required by a bound in this 
function
...
345 |     O: for<'r> 
FromRow<'r, DB::Row>,
    |        
^^^^^^^^^^^^^^^^^^^^^^^^^^^^ 
required by this bound in 
`query_as`
    = note: this error 
originates in the derive 
macro `sqlx::FromRow` (in 
Nightly builds, run with -Z 
macro-backtrace for more 
info)

error[E0599]: the method 
`fetch_optional` exists for 
struct `QueryAs<'_, _, 
Hotel, _>`, but its trait 
bounds were not satisfied
  --> 
src\handlers\hotels.rs:46:10
   |
44 |       let hotel = 
sqlx::query_as::<_, 
Hotel>("SELECT * FROM hotels 
WHERE id = ?")
   |  _________________-
45 | |         .bind(id)
46 | |         .fetch_optiona
l(pool.get_ref())
   | |         
-^^^^^^^^^^^^^^ method 
cannot be called on 
`QueryAs<'_, _, Hotel, _>` 
due to unsatisfied trait 
bounds
   | |_________|
   |
   |
  ::: src\models\hotel.rs:4:1
   |
 4 |   pub struct Hotel {
   |   ---------------- 
doesn't satisfy `Hotel: 
FromRow<'r, _>`
   |
   = note: the following 
trait bounds were not 
satisfied:
           `u64: Type<_>`
           `u64: 
sqlx::Decode<'_, _>`

Some errors have detailed 
explanations: E0277, E0599.
For more information about 
an error, try `rustc 
--explain E0277`.
warning: `hotel-api` (bin 
"hotel-api") generated 1 
warning
error: could not compile 
`hotel-api` (bin 
"hotel-api") due to 9 
previous errors; 1 warning 
emitted
